// Vitest Snapshot v1, https://vitest.dev/guide/snapshot.html

exports[`Post component > renders correctly 1`] = `
<div>
  <div>
    <h2>
      Art of testing
    </h2>
    <div>
      <p>
        SEPTEMBER 21, 2023
      </p>
      ( Last edited JANUARY 10, 2024 )
       |
      <p>
        thu_sun
      </p>
    </div>
    <div>
      Testing is mandatory, nuff said
    </div>
  </div>
</div>
`;
