// Vitest Snapshot v1, https://vitest.dev/guide/snapshot.html

exports[`EditCommentInput component > renders correctly 1`] = `
<div>
  <form
    class="_container_404b01"
  >
    <textarea
      class="_input_404b01"
      name="text"
    >
      I'm commentin and criticizin
    </textarea>
    <p
      class="_errorMessage_ae96c2 _hidden_ae96c2"
    />
    <div
      class="_buttonContainer_404b01"
    >
      <button
        class="
    _darkButton_2d5e81 _sendButton_404b01
  "
        type="submit"
      >
        Send
      </button>
      <button
        class="
    _lightButton_2d5e81 undefined
  "
        type="reset"
      >
        Cancel
      </button>
    </div>
  </form>
</div>
`;
