// Vitest Snapshot v1, https://vitest.dev/guide/snapshot.html

exports[`AuthPrompt component > renders correctly 1`] = `
<div>
  <p>
    To leave a comment, you need to
    <a
      href="/log-in"
    >
      Log in
    </a>
    or
    <a
      href="/sign-up"
    >
      Sign up
    </a>
    .
  </p>
</div>
`;
