// Vitest Snapshot v1, https://vitest.dev/guide/snapshot.html

exports[`Input component > renders correctly 1`] = `
<div>
  <div
    class="_inputContainer_7f6659"
  >
    <label
      class="_inputLabelContainer_7f6659"
    >
      Label :
      <input
        class="_inputText_7f6659"
        value="Writings"
      />
    </label>
    <p
      class="_errorMessage_ae96c2"
    >
      Something is wrong
    </p>
  </div>
</div>
`;
