// Vitest Snapshot v1, https://vitest.dev/guide/snapshot.html

exports[`NewCommentInput component > should render correctly 1`] = `
<div>
  <form>
    <textarea
      name="text"
      placeholder="Write a new comment..."
    />
    <div>
      <button
        disabled=""
        type="submit"
      >
        Send
      </button>
      <button
        type="reset"
      >
        Cancel
      </button>
    </div>
    <p />
  </form>
</div>
`;
