// Vitest Snapshot v1, https://vitest.dev/guide/snapshot.html

exports[`NewCommentInput component > should render correctly 1`] = `
<div>
  <form
    class="_container_404b01"
  >
    <textarea
      class="_input_404b01"
      name="text"
      placeholder="Write a new comment..."
    />
    <p
      class="_errorMessage_ae96c2 _hidden_ae96c2"
    >
      Comment is required to be between 1 and 280 characters.
    </p>
    <div
      class="_buttonContainer_404b01"
    >
      <button
        class="
    _darkButton_2d5e81 _sendButton_404b01
  "
        disabled=""
        type="submit"
      >
        Send
      </button>
      <button
        class="
    _lightButton_2d5e81 undefined
  "
        type="reset"
      >
        Cancel
      </button>
    </div>
  </form>
</div>
`;
